// Jest Snapshot v1, https://goo.gl/fbAQLP

exports[`pruebas en <First /> debe de hacer match con el snapshot 1`] = `
<div>
  <h1>
     
    Hola, soy Goku
     
  </h1>
  <p>
    No hay subtitulo1
  </p>
  <p>
    Fernando
  </p>
</div>
`;
